---
source: crates/surf-syntax/tests/parse.rs
expression: "errors(concat! (\"err_compound_assign_target\", \".surf\"), src)"
---
[31merror:[0m invalid assignment target
   ╭─[ err_compound_assign_target.surf:1:1 ]
   │
 1 │ f(x) += 1
   │ ──┬─  
   │   ╰─── cannot assign to this expression
   │ 
   │ Help: assign to a name (`x += …`), a field (`m.k += …`) or an index (`xs[0] += …`)
───╯
