---
source: crates/surf-syntax/tests/parse.rs
expression: program
---
items:
  - Stmt:
      kind:
        Expr:
          kind:
            Method:
              receiver:
                kind:
                  Call:
                    callee:
                      kind:
                        Ident:
                          name: page
                          span:
                            start: 78
                            end: 82
                      span:
                        start: 78
                        end: 82
                    args:
                      - name: ~
                        value:
                          kind:
                            Int: 1
                          span:
                            start: 83
                            end: 84
                        span:
                          start: 83
                          end: 84
                span:
                  start: 78
                  end: 85
              name:
                name: goto
                span:
                  start: 86
                  end: 90
              args:
                - name: ~
                  value:
                    kind:
                      Str:
                        - Lit: "https://www.wikipedia.org"
                    span:
                      start: 91
                      end: 118
                  span:
                    start: 91
                    end: 118
          span:
            start: 78
            end: 119
      span:
        start: 78
        end: 119
  - Stmt:
      kind:
        Expr:
          kind:
            Method:
              receiver:
                kind:
                  Call:
                    callee:
                      kind:
                        Ident:
                          name: page
                          span:
                            start: 120
                            end: 124
                      span:
                        start: 120
                        end: 124
                    args:
                      - name: ~
                        value:
                          kind:
                            Int: 2
                          span:
                            start: 125
                            end: 126
                        span:
                          start: 125
                          end: 126
                span:
                  start: 120
                  end: 127
              name:
                name: goto
                span:
                  start: 128
                  end: 132
              args:
                - name: ~
                  value:
                    kind:
                      Str:
                        - Lit: "https://example.org"
                    span:
                      start: 133
                      end: 154
                  span:
                    start: 133
                    end: 154
          span:
            start: 120
            end: 155
      span:
        start: 120
        end: 155
  - Stmt:
      kind:
        Expr:
          kind:
            Method:
              receiver:
                kind:
                  Call:
                    callee:
                      kind:
                        Ident:
                          name: page
                          span:
                            start: 157
                            end: 161
                      span:
                        start: 157
                        end: 161
                    args:
                      - name: ~
                        value:
                          kind:
                            Int: 1
                          span:
                            start: 162
                            end: 163
                        span:
                          start: 162
                          end: 163
                span:
                  start: 157
                  end: 164
              name:
                name: type
                span:
                  start: 165
                  end: 169
              args:
                - name: ~
                  value:
                    kind:
                      Str:
                        - Lit: "input[name=search]"
                    span:
                      start: 170
                      end: 190
                  span:
                    start: 170
                    end: 190
                - name: ~
                  value:
                    kind:
                      Str:
                        - Lit: surf
                    span:
                      start: 192
                      end: 198
                  span:
                    start: 192
                    end: 198
          span:
            start: 157
            end: 199
      span:
        start: 157
        end: 199
  - Stmt:
      kind:
        Expr:
          kind:
            Call:
              callee:
                kind:
                  Ident:
                    name: print
                    span:
                      start: 200
                      end: 205
                span:
                  start: 200
                  end: 205
              args:
                - name: ~
                  value:
                    kind:
                      Method:
                        receiver:
                          kind:
                            Call:
                              callee:
                                kind:
                                  Ident:
                                    name: page
                                    span:
                                      start: 206
                                      end: 210
                                span:
                                  start: 206
                                  end: 210
                              args:
                                - name: ~
                                  value:
                                    kind:
                                      Int: 1
                                    span:
                                      start: 211
                                      end: 212
                                  span:
                                    start: 211
                                    end: 212
                          span:
                            start: 206
                            end: 213
                        name:
                          name: value
                          span:
                            start: 214
                            end: 219
                        args:
                          - name: ~
                            value:
                              kind:
                                Str:
                                  - Lit: "input[name=search]"
                              span:
                                start: 220
                                end: 240
                            span:
                              start: 220
                              end: 240
                    span:
                      start: 206
                      end: 241
                  span:
                    start: 206
                    end: 241
          span:
            start: 200
            end: 242
      span:
        start: 200
        end: 242
  - Stmt:
      kind:
        Expr:
          kind:
            Call:
              callee:
                kind:
                  Ident:
                    name: print
                    span:
                      start: 243
                      end: 248
                span:
                  start: 243
                  end: 248
              args:
                - name: ~
                  value:
                    kind:
                      Method:
                        receiver:
                          kind:
                            Call:
                              callee:
                                kind:
                                  Ident:
                                    name: page
                                    span:
                                      start: 249
                                      end: 253
                                span:
                                  start: 249
                                  end: 253
                              args:
                                - name: ~
                                  value:
                                    kind:
                                      Int: 2
                                    span:
                                      start: 254
                                      end: 255
                                  span:
                                    start: 254
                                    end: 255
                          span:
                            start: 249
                            end: 256
                        name:
                          name: title
                          span:
                            start: 257
                            end: 262
                        args: []
                    span:
                      start: 249
                      end: 264
                  span:
                    start: 249
                    end: 264
          span:
            start: 243
            end: 265
      span:
        start: 243
        end: 265
span:
  start: 0
  end: 266
