---
source: crates/surf-syntax/tests/parse.rs
expression: "errors(concat! (\"err_bad_duration_and_escape\", \".surf\"), src)"
---
[31merror:[0m unknown duration unit `sec`
   ╭─[ err_bad_duration_and_escape.surf:1:7 ]
   │
 1 │ sleep(10sec)
   │       ──┬──  
   │         ╰──── number followed by an unknown suffix
   │ 
   │ Help: duration units are ms, s, m, h (e.g. 500ms, 2s, 3m, 1h)
───╯
[31merror:[0m unknown escape sequence `\q`
   ╭─[ err_bad_duration_and_escape.surf:2:6 ]
   │
 2 │ x = "\q"
   │      ─┬  
   │       ╰── here
   │ 
   │ Help: valid escapes: \n \t \r \\ \" \{ \} \u{…}
───╯
